// Jest Snapshot v1, https://goo.gl/fbAQLP

exports[`Actions test suite Should match snapshot 1`] = `
.c0 {
  display: inline-block;
  overflow: hidden;
  border: 1px solid black;
  padding: 20px;
  width: 200px;
  border-radius: 10px;
}

@media (max-width:900px) {
  .c0 {
    margin-top: 15px;
  }
}

<div>
  <div
    class="c0"
  >
    <code
      aria-label="InstructionsForm"
      name="InstructionsForm"
      props="[object Object]"
    />
  </div>
</div>
`;
